2026-09-30T14:58:31.858668+00:00 Start separate recovery 228f8d258152-09213b14a3d55011801176c96ca9ecae
2026-09-30T14:58:31.875173+00:00 Preparing document
2026-09-30T14:58:31.882717+00:00 Generating artifacts
2026-09-30T14:58:31.899998+00:00 Scout: reusing validated task 1.
2026-09-30T14:58:31.904924+00:00 Source Audit: reusing validated task 1.
2026-09-30T14:58:31.908697+00:00 Scout: reusing validated task 4.
2026-09-30T14:58:31.913811+00:00 Source Audit: reusing validated task 4.
2026-09-30T14:58:31.917447+00:00 Scout: reusing validated task 7.
2026-09-30T14:58:31.922565+00:00 Source Audit: reusing validated task 7.
2026-09-30T14:58:31.926461+00:00 Scout: reusing validated task 10.
2026-09-30T14:58:31.932728+00:00 Source Audit: reusing validated task 10.
2026-09-30T14:58:31.950761+00:00 Scout: reusing validated task 13.
2026-09-30T14:58:31.955441+00:00 Source Audit: reusing validated task 13.
2026-09-30T14:58:32.023131+00:00 Curator: reusing validated task 1.
2026-09-30T14:58:32.108801+00:00 Curator: reusing validated task 4.
2026-09-30T14:58:32.121143+00:00 Curator: reusing validated task 7.
2026-09-30T14:58:32.192147+00:00 Test Writer: reusing validated task 1.
2026-09-30T14:58:32.200344+00:00 Test Writer: reusing validated task 4.
2026-09-30T14:58:32.209154+00:00 Test Writer: reusing validated task 7.
2026-09-30T14:58:32.218753+00:00 Test Writer: reusing validated task 10.
2026-09-30T14:58:32.228678+00:00 Test Writer: reusing validated task 13.
2026-09-30T14:58:32.237868+00:00 Test Writer: reusing validated task 16.
2026-09-30T14:58:32.246937+00:00 Test Writer: reusing validated task 19.
2026-09-30T14:58:32.255862+00:00 Test Writer: reusing validated task 22.
2026-09-30T14:58:32.264606+00:00 Test Writer: reusing validated task 25.
2026-09-30T14:58:32.272985+00:00 Test Writer: reusing validated task 28.
2026-09-30T14:58:32.281267+00:00 Test Writer: reusing validated task 31.
2026-09-30T14:58:32.290842+00:00 Test Writer: reusing validated task 34.
2026-09-30T14:58:32.433199+00:00 Critic: reusing validated task 1.
2026-09-30T14:58:32.439013+00:00 Critic: reusing validated task 4.
2026-09-30T14:58:32.444680+00:00 Critic: reusing validated task 7.
2026-09-30T14:58:32.450272+00:00 Critic: reusing validated task 10.
2026-09-30T14:58:32.455607+00:00 Critic: reusing validated task 13.
2026-09-30T14:58:32.459400+00:00 Critic: reusing validated task 16.
2026-09-30T14:58:32.466347+00:00 Repair: working on task 1.
2026-09-30T14:58:41.046282+00:00 Repair: saved validated task 1.
2026-09-30T14:58:41.061085+00:00 Critic: working on task 19.
2026-09-30T14:58:45.934360+00:00 Critic: saved validated task 19.
2026-09-30T14:58:45.940374+00:00 Scenario Architect: working on task 1000301.
2026-09-30T14:58:52.386840+00:00 Scenario Architect: saved validated task 1000301.
2026-09-30T14:58:52.394980+00:00 Test Writer: working on task 1000301.
2026-09-30T14:59:02.094713+00:00 Test Writer: saved validated task 1000301.
2026-09-30T14:59:02.111816+00:00 Critic: working on task 20.
2026-09-30T14:59:06.907668+00:00 Critic: saved validated task 20.
2026-09-30T14:59:06.992243+00:00 Failed
