2026-09-30T08:20:35.769554+00:00 Preflight passed: twelve earlier trials unchanged, budgets reconciled, v10 source archived, approved content unchanged.
2026-09-30T08:20:58.234316+00:00 Preflight passed: twelve earlier trials unchanged, budgets reconciled, v10 source archived, approved content unchanged.
2026-09-30T08:20:58.243863+00:00 TRIAL START 2009 - model manager.pdf
2026-09-30T08:20:58.252932+00:00 Preparing document
2026-09-30T08:20:58.491457+00:00 Generating artifacts
2026-09-30T08:22:16.880400+00:00 Analyzing coverage
2026-09-30T08:22:16.893140+00:00 Judge: reusing 91 frozen coverage units. Mapping test cases...
2026-09-30T08:22:16.961036+00:00 Evaluation: working on task 1.
2026-09-30T08:22:57.491061+00:00 Evaluation: saved validated task 1.
2026-09-30T08:22:57.492312+00:00 Judge: F1=0.71 (precision=1.00, recall=0.55).
2026-09-30T08:22:57.525890+00:00 Completed
2026-09-30T08:22:57.527204+00:00 TRIAL END 228f8d258152-4f89b893392f5051a9a23f295a752501: completed; 64520 tokens.
2026-09-30T08:22:57.534996+00:00 TRIAL START 2009 - model manager.pdf
2026-09-30T08:22:57.545931+00:00 Preparing document
2026-09-30T08:22:57.809492+00:00 Generating artifacts
2026-09-30T08:22:57.817564+00:00 Scout: working on task 1.
2026-09-30T08:23:09.566253+00:00 Scout: saved validated task 1.
2026-09-30T08:23:09.572412+00:00 Source Audit: working on task 1.
2026-09-30T08:23:14.462602+00:00 Source Audit: saved validated task 1.
2026-09-30T08:23:14.467760+00:00 Scout: working on task 4.
2026-09-30T08:23:33.502182+00:00 Scout: saved validated task 4.
2026-09-30T08:23:33.507986+00:00 Source Audit: working on task 4.
2026-09-30T08:23:39.874069+00:00 Source Audit: saved validated task 4.
2026-09-30T08:23:39.880804+00:00 Scout: working on task 7.
2026-09-30T08:24:00.370846+00:00 Scout: saved validated task 7.
2026-09-30T08:24:00.376668+00:00 Source Audit: working on task 7.
2026-09-30T08:24:06.220251+00:00 Source Audit: saved validated task 7.
2026-09-30T08:24:06.226328+00:00 Scout: working on task 10.
2026-09-30T08:24:34.018000+00:00 Scout: saved validated task 10.
2026-09-30T08:24:34.023521+00:00 Source Audit: working on task 10.
2026-09-30T08:24:38.752975+00:00 Source Audit: saved validated task 10.
2026-09-30T08:24:38.756950+00:00 Scout: working on task 13.
2026-09-30T08:24:48.040113+00:00 Scout: saved validated task 13.
2026-09-30T08:24:48.044897+00:00 Source Audit: working on task 13.
2026-09-30T08:24:52.950797+00:00 Source Audit: saved validated task 13.
2026-09-30T08:24:53.034907+00:00 Curator: working on task 1.
2026-09-30T08:25:12.146938+00:00 Curator: saved validated task 1.
2026-09-30T08:25:12.250034+00:00 Curator: working on task 4.
2026-09-30T08:25:29.863864+00:00 Curator: saved validated task 4.
2026-09-30T08:25:29.886136+00:00 Curator: working on task 7.
2026-09-30T08:25:36.772316+00:00 Curator: saved validated task 7.
2026-09-30T08:25:36.852740+00:00 Test Writer: working on task 1.
2026-09-30T08:25:58.343852+00:00 Test Writer: saved validated task 1.
2026-09-30T08:25:58.351796+00:00 Test Writer: working on task 4.
2026-09-30T08:26:12.427835+00:00 Test Writer: saved validated task 4.
2026-09-30T08:26:12.435831+00:00 Test Writer: working on task 7.
2026-09-30T08:26:32.375491+00:00 Test Writer: saved validated task 7.
2026-09-30T08:26:32.383242+00:00 Test Writer: working on task 10.
2026-09-30T08:26:52.515535+00:00 Test Writer: saved validated task 10.
2026-09-30T08:26:52.523584+00:00 Test Writer: working on task 13.
2026-09-30T08:27:09.650356+00:00 Test Writer: saved validated task 13.
2026-09-30T08:27:09.661294+00:00 Test Writer: working on task 16.
2026-09-30T08:27:25.013255+00:00 Test Writer: saved validated task 16.
2026-09-30T08:27:25.018847+00:00 Test Writer: working on task 19.
2026-09-30T08:27:40.851721+00:00 Test Writer: saved validated task 19.
2026-09-30T08:27:40.862280+00:00 Test Writer: working on task 22.
2026-09-30T08:27:52.558430+00:00 Test Writer: saved validated task 22.
2026-09-30T08:27:52.609651+00:00 Test Writer: working on task 25.
2026-09-30T08:28:02.189857+00:00 Test Writer: saved validated task 25.
2026-09-30T08:28:02.203432+00:00 Test Writer: working on task 28.
2026-09-30T08:28:11.993826+00:00 Test Writer: saved validated task 28.
2026-09-30T08:28:12.007543+00:00 Test Writer: working on task 31.
2026-09-30T08:28:27.333861+00:00 Test Writer: saved validated task 31.
2026-09-30T08:28:27.345051+00:00 Test Writer: working on task 34.
2026-09-30T08:28:41.319178+00:00 Test Writer: saved validated task 34.
2026-09-30T08:28:41.472462+00:00 Critic: working on task 1.
2026-09-30T08:28:46.710198+00:00 Critic: saved validated task 1.
2026-09-30T08:28:46.720424+00:00 Critic: working on task 4.
2026-09-30T08:28:52.131528+00:00 Critic: saved validated task 4.
2026-09-30T08:28:52.142290+00:00 Critic: working on task 7.
2026-09-30T08:28:59.883035+00:00 critic: correcting invalid task output once.
2026-09-30T08:29:05.415532+00:00 Critic: saved validated task 7.
2026-09-30T08:29:05.421766+00:00 Critic: working on task 10.
2026-09-30T08:29:11.421681+00:00 Critic: saved validated task 10.
2026-09-30T08:29:11.429614+00:00 Critic: working on task 13.
2026-09-30T08:29:16.924971+00:00 Critic: saved validated task 13.
2026-09-30T08:29:16.929865+00:00 Critic: working on task 16.
2026-09-30T08:29:22.713047+00:00 Critic: saved validated task 16.
2026-09-30T08:29:22.722384+00:00 Repair: working on task 1.
2026-09-30T08:29:23.043870+00:00 Failed
2026-09-30T08:29:23.044751+00:00 TRIAL END 228f8d258152-ab53f20cf7e65c37b3abbc83c947bb90: failed; 189102 tokens.
2026-09-30T08:29:23.076846+00:00 {"state": "gated_validation_recorded", "manifest_sha256": "96dd4596b64a9c42c8acb1d208474416f4e3af4f224b0eddbbd07cd2618e2968", "started_at": "2026-09-30T08:20:58.234653+00:00", "previously_accounted_tokens": 1092824, "recorded_trials": 2, "stopped_by_gate": null, "validation_spent_tokens": 253622, "total_spent_tokens": 1346446, "remaining_authorized_tokens": 253554}
