2026-09-30T08:34:30.688821+00:00 Start separate recovery 228f8d258152-93f5e43fcdcc593997ed320b56ffd569
2026-09-30T08:34:30.715559+00:00 Preparing document
2026-09-30T08:34:30.724219+00:00 Generating artifacts
2026-09-30T08:34:30.756006+00:00 Scout: reusing validated task 1.
2026-09-30T08:34:30.761464+00:00 Source Audit: reusing validated task 1.
2026-09-30T08:34:30.765222+00:00 Scout: reusing validated task 4.
2026-09-30T08:34:30.770540+00:00 Source Audit: reusing validated task 4.
2026-09-30T08:34:30.774331+00:00 Scout: reusing validated task 7.
2026-09-30T08:34:30.779771+00:00 Source Audit: reusing validated task 7.
2026-09-30T08:34:30.783549+00:00 Scout: reusing validated task 10.
2026-09-30T08:34:30.789177+00:00 Source Audit: reusing validated task 10.
2026-09-30T08:34:30.792998+00:00 Scout: reusing validated task 13.
2026-09-30T08:34:30.796852+00:00 Source Audit: reusing validated task 13.
2026-09-30T08:34:30.864356+00:00 Curator: reusing validated task 1.
2026-09-30T08:34:30.950344+00:00 Curator: reusing validated task 4.
2026-09-30T08:34:30.963028+00:00 Curator: reusing validated task 7.
2026-09-30T08:34:31.032711+00:00 Test Writer: reusing validated task 1.
2026-09-30T08:34:31.041714+00:00 Test Writer: reusing validated task 4.
2026-09-30T08:34:31.050626+00:00 Test Writer: reusing validated task 7.
2026-09-30T08:34:31.060623+00:00 Test Writer: reusing validated task 10.
2026-09-30T08:34:31.070359+00:00 Test Writer: reusing validated task 13.
2026-09-30T08:34:31.079901+00:00 Test Writer: reusing validated task 16.
2026-09-30T08:34:31.088917+00:00 Test Writer: reusing validated task 19.
2026-09-30T08:34:31.098126+00:00 Test Writer: reusing validated task 22.
2026-09-30T08:34:31.106618+00:00 Test Writer: reusing validated task 25.
2026-09-30T08:34:31.115000+00:00 Test Writer: reusing validated task 28.
2026-09-30T08:34:31.123791+00:00 Test Writer: reusing validated task 31.
2026-09-30T08:34:31.133526+00:00 Test Writer: reusing validated task 34.
2026-09-30T08:34:31.275702+00:00 Critic: reusing validated task 1.
2026-09-30T08:34:31.281924+00:00 Critic: reusing validated task 4.
2026-09-30T08:34:31.287557+00:00 Critic: reusing validated task 7.
2026-09-30T08:34:31.293278+00:00 Critic: reusing validated task 10.
2026-09-30T08:34:31.298661+00:00 Critic: reusing validated task 13.
2026-09-30T08:34:31.302442+00:00 Critic: reusing validated task 16.
2026-09-30T08:34:31.307523+00:00 Repair: working on task 1.
